AST:
PROGRAM
  FUNCTION DEFINITION
    RETURN TYPE: int
    IDENTIFIER missing_return
    PARAMETERS
      VAR_DECL
        TYPE: int
        IDENTIFIER value
    BLOCK
      IF_STATEMENT
        BINARY EXPRESSION '>'
          IDENTIFIER value
          NUMBER_LITERAL 0
        BLOCK
          RETURN
            IDENTIFIER value
      ASSIGNMENT (+=)
        IDENTIFIER value
        NUMBER_LITERAL 1
  FUNCTION DEFINITION
    RETURN TYPE: int
    IDENTIFIER unreachable_block
    PARAMETERS
      VAR_DECL
        TYPE: void
        IDENTIFIER __unnamed_param0
    BLOCK
      RETURN
        NUMBER_LITERAL 1
      VAR_DECL
        TYPE: int
        IDENTIFIER after_return
          = NUMBER_LITERAL 2
      RETURN
        IDENTIFIER after_return
  FUNCTION DEFINITION
    RETURN TYPE: int
    IDENTIFIER switch_fallthrough
    PARAMETERS
      VAR_DECL
        TYPE: int
        IDENTIFIER x
    BLOCK
      SWITCH
        IDENTIFIER x
        CASE
          NUMBER_LITERAL 0
          ASSIGNMENT (=)
            IDENTIFIER x
            NUMBER_LITERAL 1
        CASE
          NUMBER_LITERAL 1
          ASSIGNMENT (=)
            IDENTIFIER x
            NUMBER_LITERAL 2
          BREAK
        CASE
          DEFAULT
          ASSIGNMENT (=)
            IDENTIFIER x
            NUMBER_LITERAL 3
          BREAK
      RETURN
        IDENTIFIER x


Diagnostics:
Error at (1:0): Control reaches end of non-void function 'missing_return'
Warning at (10:0): Unreachable statement
Warning at (16:0): Switch case may fall through

