AST:
PROGRAM
  VAR_DECL
    TYPE: int
    IDENTIFIER x
  VAR_DECL
    TYPE: int
    IDENTIFIER x
  VAR_DECL
    TYPE: char
    IDENTIFIER y
  FUNCTION DEFINITION
    RETURN TYPE: int
    IDENTIFIER main
    PARAMETERS
      VAR_DECL
        TYPE: void
        IDENTIFIER __unnamed_param0
    BLOCK
      RETURN
        BINARY EXPRESSION '+'
          ARRAY_ACCESS
            IDENTIFIER arr1
            NUMBER_LITERAL 0
          ARRAY_ACCESS
            IDENTIFIER arr2
            NUMBER_LITERAL 0


Diagnostics:
Error at (14:12): Undeclared identifier
   Hint: arr1
   Spelling: tests/syntax/semantic_layout_align.c:14:12
Error at (14:22): Undeclared identifier
   Hint: arr2
   Spelling: tests/syntax/semantic_layout_align.c:14:22

