AST:
PROGRAM
  VAR_DECL
    TYPE: int [?]
    IDENTIFIER arr
  VAR_DECL
    TYPE: extern int [?]
    IDENTIFIER arr
  VAR_DECL
    TYPE: int [5]
    IDENTIFIER arr
  VAR_DECL
    TYPE: extern int
    IDENTIFIER ext1
  VAR_DECL
    TYPE: extern int
    IDENTIFIER ext1
  VAR_DECL
    TYPE: int
    IDENTIFIER def1
  VAR_DECL
    TYPE: int
    IDENTIFIER def1
  FUNCTION DECLARATION
    RETURN TYPE: int
    IDENTIFIER foo
  FUNCTION DECLARATION
    RETURN TYPE: int
    IDENTIFIER foo
    PARAMETERS:
      VAR_DECL
        TYPE: void
        IDENTIFIER __unnamed_param0
  VAR_DECL
    TYPE: static int
    IDENTIFIER s
  VAR_DECL
    TYPE: static int
    IDENTIFIER s
  VAR_DECL
    TYPE: register int
    IDENTIFIER regvar
  VAR_DECL
    TYPE: int*
    IDENTIFIER p
      = 
        UNARY EXPRESSION '&' (prefix)
          IDENTIFIER regvar
  FUNCTION DEFINITION
    RETURN TYPE: int
    IDENTIFIER main
    PARAMETERS
      VAR_DECL
        TYPE: void
        IDENTIFIER __unnamed_param0
    BLOCK
      RETURN
        ARRAY_ACCESS
          IDENTIFIER arr
          NUMBER_LITERAL 0


Diagnostics:
Error at (15:12): Redefinition of variable
   Hint: s
   Spelling: tests/syntax/semantic_storage.c:15:12
Error at (17:0): Invalid storage class at file scope
   Hint: regvar
Error at (18:11): Undeclared identifier
   Hint: regvar
   Spelling: tests/syntax/semantic_storage.c:18:11
Error at (18:11): Operator '&' requires lvalue operand
   Spelling: tests/syntax/semantic_storage.c:18:11
Error at (18:0): Initializer for static variable 'p' is not a constant expression

