AST:
PROGRAM
  VAR_DECL
    TYPE: const int*
    IDENTIFIER g_const
  VAR_DECL
    TYPE: int*
    IDENTIFIER g_mut
  FUNCTION DEFINITION
    RETURN TYPE: int
    IDENTIFIER main
    PARAMETERS
      VAR_DECL
        TYPE: void
        IDENTIFIER __unnamed_param0
    BLOCK
      VAR_DECL
        TYPE: const int**
        IDENTIFIER cptrptr
          = NUMBER_LITERAL 0
      VAR_DECL
        TYPE: int**
        IDENTIFIER mptrptr
          = NUMBER_LITERAL 0
      ASSIGNMENT (=)
        IDENTIFIER mptrptr
        IDENTIFIER cptrptr
      RETURN
        NUMBER_LITERAL 0
  FUNCTION DEFINITION
    RETURN TYPE: int*
    IDENTIFIER ret_discard
    PARAMETERS
      VAR_DECL
        TYPE: const int*
        IDENTIFIER p
    BLOCK
      RETURN
        IDENTIFIER p


Diagnostics:
Error at (7:0): Assignment discards qualifiers from pointer target
Error at (12:0): Return discards qualifiers from pointer target

