AST:
PROGRAM
  FUNCTION DEFINITION
    RETURN TYPE: void
    IDENTIFIER ok
    PARAMETERS
      VAR_DECL
        TYPE: int
        IDENTIFIER n
    BLOCK
      VAR_DECL
        TYPE: int [IDENTIFIER n]
        IDENTIFIER arr
      ASSIGNMENT (=)
        ARRAY_ACCESS
          IDENTIFIER arr
          NUMBER_LITERAL 0
        IDENTIFIER n


Diagnostics:
Semantic analysis: no issues found.

