AST:
PROGRAM
  TYPEDEF
        TYPE: int
        Alias:     IDENTIFIER I
  FUNCTION DEFINITION
    RETURN TYPE: int
    IDENTIFIER main
    PARAMETERS
      VAR_DECL
        TYPE: void
        IDENTIFIER __unnamed_param0
    BLOCK
      VAR_DECL
        TYPE: I
        IDENTIFIER value
          = NUMBER_LITERAL 5
      RETURN
        CAST_EXPRESSION
                    CAST TYPE: I
          IDENTIFIER value


Diagnostics:
Semantic analysis: no issues found.

