AST:
PROGRAM
  FUNCTION DEFINITION
    RETURN TYPE: int
    IDENTIFIER f
    PARAMETERS
      VAR_DECL
        TYPE: int
        IDENTIFIER v
    BLOCK
      SWITCH
        IDENTIFIER v
        CASE
          NUMBER_LITERAL 1
          RETURN
            NUMBER_LITERAL 1
        CASE
          NUMBER_LITERAL 1
          RETURN
            NUMBER_LITERAL 2
        CASE
          DEFAULT
          BREAK
        CASE
          DEFAULT
          RETURN
            NUMBER_LITERAL 3
      RETURN
        NUMBER_LITERAL 0


Diagnostics:
Error at (5:14): Duplicate case label with value 1
   Spelling: tests/syntax/semantic_switch.c:5:14
Warning at (3:0): Previous case label with same value here
Error at (10:20): Duplicate default label in switch
   Spelling: tests/syntax/semantic_switch.c:10:20

