AST:
PROGRAM
  FUNCTION DEFINITION
    RETURN TYPE: int
    IDENTIFIER main
    PARAMETERS
      VAR_DECL
        TYPE: void
        IDENTIFIER __unnamed_param0
    BLOCK
      VAR_DECL
        TYPE: int
        IDENTIFIER flag
          = IDENTIFIER true
      IF_STATEMENT
        UNARY EXPRESSION '!' (prefix)
          IDENTIFIER false
        BLOCK
          ASSIGNMENT (=)
            IDENTIFIER flag
            BINARY EXPRESSION '&&'
              IDENTIFIER flag
              IDENTIFIER true
      RETURN
        TERNARY_EXPRESSION
          IDENTIFIER flag
          NUMBER_LITERAL 0
          NUMBER_LITERAL 1


Diagnostics:
Semantic analysis: no issues found.

