AST:
PROGRAM
  VAR_DECL
    TYPE: int
    IDENTIFIER g
      = NUMBER_LITERAL 3
  VAR_DECL
    TYPE: int [IDENTIFIER g]
    IDENTIFIER file_bad
  FUNCTION DEFINITION
    RETURN TYPE: void
    IDENTIFIER foo
    PARAMETERS
      VAR_DECL
        TYPE: int
        IDENTIFIER n
    BLOCK
      VAR_DECL
        TYPE: static int [IDENTIFIER n]
        IDENTIFIER static_bad


Diagnostics:
Error at (2:0): Variable-length array 'file_bad' is not allowed at static storage duration
Error at (5:0): Variable-length array 'static_bad' is not allowed at static storage duration

