AST:
PROGRAM
  FUNCTION DEFINITION
    RETURN TYPE: int
    IDENTIFIER main
    PARAMETERS
      VAR_DECL
        TYPE: void
        IDENTIFIER __unnamed_param0
    BLOCK
      VAR_DECL
        TYPE: const int
        IDENTIFIER c
          = NUMBER_LITERAL 0
      VAR_DECL
        TYPE: int [2]
        IDENTIFIER array
            = NUMBER_LITERAL 1

            = NUMBER_LITERAL 2

      VAR_DECL
        TYPE: int*
        IDENTIFIER ptr
          = IDENTIFIER array
      VAR_DECL
        TYPE: int
        IDENTIFIER value
          = IDENTIFIER c
      ASSIGNMENT (=)
        IDENTIFIER c
        NUMBER_LITERAL 5
      UNARY EXPRESSION '++' (prefix)
        BINARY EXPRESSION '+'
          IDENTIFIER ptr
          NUMBER_LITERAL 1
      RETURN
        IDENTIFIER value


Diagnostics:
Error at (7:5): Left operand of '=' must be a modifiable lvalue
   Spelling: tests/syntax/semantic_lvalue_errors.c:7:5
Error at (8:5): Operator '++' requires modifiable lvalue operand
   Spelling: tests/syntax/semantic_lvalue_errors.c:8:5

