AST:
PROGRAM
  TYPEDEF
        TYPE: signed char
        Alias:     IDENTIFIER __int8_t
  TYPEDEF
        TYPE: unsigned char
        Alias:     IDENTIFIER __uint8_t
  TYPEDEF
        TYPE: short int
        Alias:     IDENTIFIER __int16_t
  TYPEDEF
        TYPE: unsigned short int
        Alias:     IDENTIFIER __uint16_t
  TYPEDEF
        TYPE: int
        Alias:     IDENTIFIER __int32_t
  TYPEDEF
        TYPE: unsigned int
        Alias:     IDENTIFIER __uint32_t
  TYPEDEF
        TYPE: long int
        Alias:     IDENTIFIER __int64_t
  TYPEDEF
        TYPE: unsigned long int
        Alias:     IDENTIFIER __uint64_t
  TYPEDEF
        TYPE: long int
        Alias:     IDENTIFIER __darwin_intptr_t
  TYPEDEF
        TYPE: unsigned int
        Alias:     IDENTIFIER __darwin_natural_t
  TYPEDEF
        TYPE: int
        Alias:     IDENTIFIER __darwin_ct_rune_t
  TYPEDEF
        TYPE: union __anon_union_0_70
        Alias:     IDENTIFIER __mbstate_t
  TYPEDEF
        TYPE: __mbstate_t
        Alias:     IDENTIFIER __darwin_mbstate_t
  TYPEDEF
        TYPE: long int
        Alias:     IDENTIFIER __darwin_ptrdiff_t
  TYPEDEF
        TYPE: unsigned long int
        Alias:     IDENTIFIER __darwin_size_t
  TYPEDEF
        TYPE: __builtin_va_list
        Alias:     IDENTIFIER __darwin_va_list
  TYPEDEF
        TYPE: __darwin_ct_rune_t
        Alias:     IDENTIFIER __darwin_wchar_t
  TYPEDEF
        TYPE: __darwin_wchar_t
        Alias:     IDENTIFIER __darwin_rune_t
  TYPEDEF
        TYPE: __darwin_ct_rune_t
        Alias:     IDENTIFIER __darwin_wint_t
  TYPEDEF
        TYPE: unsigned long int
        Alias:     IDENTIFIER __darwin_clock_t
  TYPEDEF
        TYPE: __uint32_t
        Alias:     IDENTIFIER __darwin_socklen_t
  TYPEDEF
        TYPE: long int
        Alias:     IDENTIFIER __darwin_ssize_t
  TYPEDEF
        TYPE: long int
        Alias:     IDENTIFIER __darwin_time_t
  TYPEDEF
        TYPE: __int64_t
        Alias:     IDENTIFIER __darwin_blkcnt_t
  TYPEDEF
        TYPE: __int32_t
        Alias:     IDENTIFIER __darwin_blksize_t
  TYPEDEF
        TYPE: __int32_t
        Alias:     IDENTIFIER __darwin_dev_t
  TYPEDEF
        TYPE: unsigned int
        Alias:     IDENTIFIER __darwin_fsblkcnt_t
  TYPEDEF
        TYPE: unsigned int
        Alias:     IDENTIFIER __darwin_fsfilcnt_t
  TYPEDEF
        TYPE: __uint32_t
        Alias:     IDENTIFIER __darwin_gid_t
  TYPEDEF
        TYPE: __uint32_t
        Alias:     IDENTIFIER __darwin_id_t
  TYPEDEF
        TYPE: __uint64_t
        Alias:     IDENTIFIER __darwin_ino64_t
  TYPEDEF
        TYPE: __darwin_ino64_t
        Alias:     IDENTIFIER __darwin_ino_t
  TYPEDEF
        TYPE: __darwin_natural_t
        Alias:     IDENTIFIER __darwin_mach_port_name_t
  TYPEDEF
        TYPE: __darwin_mach_port_name_t
        Alias:     IDENTIFIER __darwin_mach_port_t
  TYPEDEF
        TYPE: __uint16_t
        Alias:     IDENTIFIER __darwin_mode_t
  TYPEDEF
        TYPE: __int64_t
        Alias:     IDENTIFIER __darwin_off_t
  TYPEDEF
        TYPE: __int32_t
        Alias:     IDENTIFIER __darwin_pid_t
  TYPEDEF
        TYPE: __uint32_t
        Alias:     IDENTIFIER __darwin_sigset_t
  TYPEDEF
        TYPE: __int32_t
        Alias:     IDENTIFIER __darwin_suseconds_t
  TYPEDEF
        TYPE: __uint32_t
        Alias:     IDENTIFIER __darwin_uid_t
  TYPEDEF
        TYPE: __uint32_t
        Alias:     IDENTIFIER __darwin_useconds_t
  TYPEDEF
        TYPE: unsigned char [16]
        Alias:     IDENTIFIER __darwin_uuid_t
  TYPEDEF
        TYPE: char [37]
        Alias:     IDENTIFIER __darwin_uuid_string_t
  STRUCT
        Name:     IDENTIFIER __darwin_pthread_handler_rec
    VAR_DECL
      TYPE: void (*)(void*)
      IDENTIFIER __routine
    VAR_DECL
      TYPE: void*
      IDENTIFIER __arg
    VAR_DECL
      TYPE: struct __darwin_pthread_handler_rec*
      IDENTIFIER __next
  STRUCT
        Name:     IDENTIFIER _opaque_pthread_attr_t
    VAR_DECL
      TYPE: long int
      IDENTIFIER __sig
    VAR_DECL
      TYPE: char [56]
      IDENTIFIER __opaque
  STRUCT
        Name:     IDENTIFIER _opaque_pthread_cond_t
    VAR_DECL
      TYPE: long int
      IDENTIFIER __sig
    VAR_DECL
      TYPE: char [40]
      IDENTIFIER __opaque
  STRUCT
        Name:     IDENTIFIER _opaque_pthread_condattr_t
    VAR_DECL
      TYPE: long int
      IDENTIFIER __sig
    VAR_DECL
      TYPE: char [8]
      IDENTIFIER __opaque
  STRUCT
        Name:     IDENTIFIER _opaque_pthread_mutex_t
    VAR_DECL
      TYPE: long int
      IDENTIFIER __sig
    VAR_DECL
      TYPE: char [56]
      IDENTIFIER __opaque
  STRUCT
        Name:     IDENTIFIER _opaque_pthread_mutexattr_t
    VAR_DECL
      TYPE: long int
      IDENTIFIER __sig
    VAR_DECL
      TYPE: char [8]
      IDENTIFIER __opaque
  STRUCT
        Name:     IDENTIFIER _opaque_pthread_once_t
    VAR_DECL
      TYPE: long int
      IDENTIFIER __sig
    VAR_DECL
      TYPE: char [8]
      IDENTIFIER __opaque
  STRUCT
        Name:     IDENTIFIER _opaque_pthread_rwlock_t
    VAR_DECL
      TYPE: long int
      IDENTIFIER __sig
    VAR_DECL
      TYPE: char [192]
      IDENTIFIER __opaque
  STRUCT
        Name:     IDENTIFIER _opaque_pthread_rwlockattr_t
    VAR_DECL
      TYPE: long int
      IDENTIFIER __sig
    VAR_DECL
      TYPE: char [16]
      IDENTIFIER __opaque
  STRUCT
        Name:     IDENTIFIER _opaque_pthread_t
    VAR_DECL
      TYPE: long int
      IDENTIFIER __sig
    VAR_DECL
      TYPE: struct __darwin_pthread_handler_rec*
      IDENTIFIER __cleanup_stack
    VAR_DECL
      TYPE: char [8176]
      IDENTIFIER __opaque
  TYPEDEF
        TYPE: struct _opaque_pthread_attr_t
        Alias:     IDENTIFIER __darwin_pthread_attr_t
  TYPEDEF
        TYPE: struct _opaque_pthread_cond_t
        Alias:     IDENTIFIER __darwin_pthread_cond_t
  TYPEDEF
        TYPE: struct _opaque_pthread_condattr_t
        Alias:     IDENTIFIER __darwin_pthread_condattr_t
  TYPEDEF
        TYPE: unsigned long int
        Alias:     IDENTIFIER __darwin_pthread_key_t
  TYPEDEF
        TYPE: struct _opaque_pthread_mutex_t
        Alias:     IDENTIFIER __darwin_pthread_mutex_t
  TYPEDEF
        TYPE: struct _opaque_pthread_mutexattr_t
        Alias:     IDENTIFIER __darwin_pthread_mutexattr_t
  TYPEDEF
        TYPE: struct _opaque_pthread_once_t
        Alias:     IDENTIFIER __darwin_pthread_once_t
  TYPEDEF
        TYPE: struct _opaque_pthread_rwlock_t
        Alias:     IDENTIFIER __darwin_pthread_rwlock_t
  TYPEDEF
        TYPE: struct _opaque_pthread_rwlockattr_t
        Alias:     IDENTIFIER __darwin_pthread_rwlockattr_t
  TYPEDEF
        TYPE: struct _opaque_pthread_t*
        Alias:     IDENTIFIER __darwin_pthread_t
  TYPEDEF
        TYPE: int
        Alias:     IDENTIFIER __darwin_nl_item
  TYPEDEF
        TYPE: int
        Alias:     IDENTIFIER __darwin_wctrans_t
  TYPEDEF
        TYPE: __uint32_t
        Alias:     IDENTIFIER __darwin_wctype_t
  STRUCT
        Name:     IDENTIFIER lconv
    VAR_DECL
      TYPE: char*
      IDENTIFIER decimal_point
    VAR_DECL
      TYPE: char*
      IDENTIFIER thousands_sep
    VAR_DECL
      TYPE: char*
      IDENTIFIER grouping
    VAR_DECL
      TYPE: char*
      IDENTIFIER int_curr_symbol
    VAR_DECL
      TYPE: char*
      IDENTIFIER currency_symbol
    VAR_DECL
      TYPE: char*
      IDENTIFIER mon_decimal_point
    VAR_DECL
      TYPE: char*
      IDENTIFIER mon_thousands_sep
    VAR_DECL
      TYPE: char*
      IDENTIFIER mon_grouping
    VAR_DECL
      TYPE: char*
      IDENTIFIER positive_sign
    VAR_DECL
      TYPE: char*
      IDENTIFIER negative_sign
    VAR_DECL
      TYPE: char
      IDENTIFIER int_frac_digits
    VAR_DECL
      TYPE: char
      IDENTIFIER frac_digits
    VAR_DECL
      TYPE: char
      IDENTIFIER p_cs_precedes
    VAR_DECL
      TYPE: char
      IDENTIFIER p_sep_by_space
    VAR_DECL
      TYPE: char
      IDENTIFIER n_cs_precedes
    VAR_DECL
      TYPE: char
      IDENTIFIER n_sep_by_space
    VAR_DECL
      TYPE: char
      IDENTIFIER p_sign_posn
    VAR_DECL
      TYPE: char
      IDENTIFIER n_sign_posn
    VAR_DECL
      TYPE: char
      IDENTIFIER int_p_cs_precedes
    VAR_DECL
      TYPE: char
      IDENTIFIER int_n_cs_precedes
    VAR_DECL
      TYPE: char
      IDENTIFIER int_p_sep_by_space
    VAR_DECL
      TYPE: char
      IDENTIFIER int_n_sep_by_space
    VAR_DECL
      TYPE: char
      IDENTIFIER int_p_sign_posn
    VAR_DECL
      TYPE: char
      IDENTIFIER int_n_sign_posn
  TYPEDEF
        TYPE: struct _xlocale*
        Alias:     IDENTIFIER locale_t
  FUNCTION DECLARATION
    RETURN TYPE: locale_t
    IDENTIFIER duplocale
    PARAMETERS:
      VAR_DECL
        TYPE: locale_t
        IDENTIFIER __unnamed_param0
  FUNCTION DECLARATION
    RETURN TYPE: int
    IDENTIFIER freelocale
    PARAMETERS:
      VAR_DECL
        TYPE: locale_t
        IDENTIFIER __unnamed_param0
  FUNCTION DECLARATION
    RETURN TYPE: struct lconv*
    IDENTIFIER localeconv
    PARAMETERS:
      VAR_DECL
        TYPE: void
        IDENTIFIER __unnamed_param0
  FUNCTION DECLARATION
    RETURN TYPE: locale_t
    IDENTIFIER newlocale
    PARAMETERS:
      VAR_DECL
        TYPE: int
        IDENTIFIER __unnamed_param0
      VAR_DECL
        TYPE: const char*
        IDENTIFIER __unnamed_param1
      VAR_DECL
        TYPE: locale_t
        IDENTIFIER __unnamed_param2
  FUNCTION DECLARATION
    RETURN TYPE: locale_t
    IDENTIFIER uselocale
    PARAMETERS:
      VAR_DECL
        TYPE: locale_t
        IDENTIFIER __unnamed_param0
  FUNCTION DECLARATION
    RETURN TYPE: char*
    IDENTIFIER setlocale
    PARAMETERS:
      VAR_DECL
        TYPE: int
        IDENTIFIER __unnamed_param0
      VAR_DECL
        TYPE: const char*
        IDENTIFIER __unnamed_param1
  FUNCTION DEFINITION
    RETURN TYPE: int
    IDENTIFIER main
    PARAMETERS
      VAR_DECL
        TYPE: void
        IDENTIFIER __unnamed_param0
    BLOCK
      VAR_DECL
        TYPE: struct lconv*
        IDENTIFIER conv
          = 
            FUNCTION CALL
              IDENTIFIER localeconv
      FUNCTION CALL
        IDENTIFIER setlocale
        ARGUMENTS
          NUMBER_LITERAL 0
          STRING_LITERAL 
      RETURN
        BINARY EXPRESSION '!='
          IDENTIFIER conv
          NUMBER_LITERAL 0


Diagnostics:
Semantic analysis: no issues found.

