AST:
PROGRAM
  TYPEDEF
        TYPE: int
        Alias:     IDENTIFIER I
  FUNCTION DEFINITION
    RETURN TYPE: int
    IDENTIFIER main
    PARAMETERS
      VAR_DECL
        TYPE: void
        IDENTIFIER __unnamed_param0
    BLOCK
      VAR_DECL
        TYPE: int
        IDENTIFIER grouped
          = 
            BINARY EXPRESSION '+'
              IDENTIFIER I
              NUMBER_LITERAL 2
      VAR_DECL
        TYPE: int
        IDENTIFIER casted
          = 
            CAST_EXPRESSION
                            CAST TYPE: I
              NUMBER_LITERAL 3
      RETURN
        BINARY EXPRESSION '+'
          IDENTIFIER grouped
          IDENTIFIER casted


Diagnostics:
Semantic analysis: no issues found.

