AST:
PROGRAM
  TYPEDEF
        TYPE: int
        Alias:     IDENTIFIER I
  FUNCTION DEFINITION
    RETURN TYPE: int
    IDENTIFIER main
    PARAMETERS
      VAR_DECL
        TYPE: void
        IDENTIFIER __unnamed_param0
    BLOCK
      VAR_DECL
        TYPE: I (*)()
        IDENTIFIER fn
      ASSIGNMENT (=)
        IDENTIFIER fn
        CAST_EXPRESSION
                    CAST TYPE: I (*)()
          NUMBER_LITERAL 0
      RETURN
        NUMBER_LITERAL 0


Diagnostics:
Semantic analysis: no issues found.

