AST:
PROGRAM
  FUNCTION DEFINITION
    RETURN TYPE: int
    IDENTIFIER main
    PARAMETERS
      VAR_DECL
        TYPE: void
        IDENTIFIER __unnamed_param0
    BLOCK
      VAR_DECL
        TYPE: int
        IDENTIFIER second
          = NUMBER_LITERAL 2
      IF_STATEMENT
        BINARY EXPRESSION '>'
          IDENTIFIER second
          NUMBER_LITERAL 0
        BLOCK
      RETURN
        IDENTIFIER second


Diagnostics:
Semantic analysis: no issues found.

